sed: RE error: illegal byte sequence
Binary file (standard input) matches
